###############################################################################
#
# IAR ELF Linker V8.22.2.15995/W32 for ARM                13/Jun/2018  02:08:39
# Copyright 2007-2018 IAR Systems AB.
#
#    Output file  =  
#        C:\Users\Janar\Documents\miniprojekt\Debug\Exe\miniprojekt.out
#    Map file     =  
#        C:\Users\Janar\Documents\miniprojekt\Debug\List\miniprojekt.map
#    Command line =  
#        -f C:\Users\Janar\AppData\Local\Temp\EW9E14.tmp
#        (C:\Users\Janar\Documents\miniprojekt\Debug\Obj\main.o
#        C:\Users\Janar\Documents\miniprojekt\Debug\Obj\osram128x64x4.o
#        C:\Users\Janar\Documents\miniprojekt\Debug\Obj\rit128x96x4.o -o
#        C:\Users\Janar\Documents\miniprojekt\Debug\Exe\miniprojekt.out --map
#        C:\Users\Janar\Documents\miniprojekt\Debug\List\miniprojekt.map
#        --config "C:\Program Files (x86)\IAR Systems\Embedded Workbench
#        8.0\arm\config\linker\TexasInstruments\LM3S6965.icf" --semihosting
#        "C:\Program Files (x86)\IAR Systems\Embedded Workbench
#        8.0\arm\RTOS\SEGGER\TI\LM3S6965\Start_LM3S6965\Application\Display\driverlib.a"
#        --entry __iar_program_start --vfe --text_out locale)
#
###############################################################################

*******************************************************************************
*** RUNTIME MODEL ATTRIBUTES
***

CppFlavor       = *
__Heap_Handler  = Basic
__SystemLibrary = DLib
__dlib_version  = 6


*******************************************************************************
*** HEAP SELECTION
***

The basic heap was selected because some modules are built with
size limitations (and not runtime checking), and --advanced_heap
was not specified.


*******************************************************************************
*** PLACEMENT SUMMARY
***

"A0":  place at 0x00000000 { ro section .intvec };
"P1":  place in [from 0x00000000 to 0x0003ffff] { ro };
define block CSTACK with size = 2K, alignment = 8 { };
define block HEAP with size = 16K, alignment = 8 { };
"P2":  place in [from 0x20000000 to 0x2000ffff] {
          rw, block CSTACK, block HEAP };

  Section          Kind        Address   Size  Object
  -------          ----        -------   ----  ------
"A0":                                    0x40
  .intvec          ro code  0x00000000   0x40  vector_table_M.o [5]
                          - 0x00000040   0x40

"P1":                                   0xd94
  .text            ro code  0x00000040  0x304  main.o [1]
  .text            ro code  0x00000344  0x2b8  rit128x96x4.o [1]
  .text            ro code  0x000005fc  0x27c  sysctl.o [4]
  .text            ro code  0x00000878  0x114  gpio.o [4]
  .text            ro code  0x0000098c   0x86  ssi.o [4]
  .rodata          const    0x00000a12    0x2  rit128x96x4.o [1]
  .rodata          const    0x00000a14  0x1e0  rit128x96x4.o [1]
  .rodata          const    0x00000bf4   0x50  rit128x96x4.o [1]
  .rodata          const    0x00000c44   0x40  sysctl.o [4]
  .text            ro code  0x00000c84   0x40  zero_init3.o [5]
  .text            ro code  0x00000cc4   0x28  data_init.o [5]
  .iar.init_table  const    0x00000cec   0x10  - Linker created -
  .text            ro code  0x00000cfc   0x1e  cmain.o [5]
  .text            ro code  0x00000d1a    0x4  low_level_init.o [3]
  .text            ro code  0x00000d1e    0x4  exit.o [3]
  .rodata          const    0x00000d22    0x2  rit128x96x4.o [1]
  .text            ro code  0x00000d24    0xa  cexit.o [5]
  .text            ro code  0x00000d2e    0x2  vector_table_M.o [5]
  .text            ro code  0x00000d30   0x14  exit.o [6]
  .rodata          const    0x00000d44   0x10  main.o [1]
  .rodata          const    0x00000d54   0x10  main.o [1]
  .rodata          const    0x00000d64    0xc  main.o [1]
  .rodata          const    0x00000d70    0xc  main.o [1]
  .rodata          const    0x00000d7c    0xc  main.o [1]
  .rodata          const    0x00000d88    0xc  main.o [1]
  .rodata          const    0x00000d94    0xc  sysctl.o [4]
  .text            ro code  0x00000da0    0xc  cstartup_M.o [5]
  .rodata          const    0x00000dac    0x8  main.o [1]
  .rodata          const    0x00000db4    0x8  main.o [1]
  .rodata          const    0x00000dbc    0x8  main.o [1]
  .rodata          const    0x00000dc4    0x8  main.o [1]
  .rodata          const    0x00000dcc    0x4  rit128x96x4.o [1]
  .rodata          const    0x00000dd0    0x4  rit128x96x4.o [1]
  .rodata          const    0x00000dd4    0x0  zero_init3.o [5]
                          - 0x00000dd4  0xd94

"P2", part 1 of 2:                        0xc
  .bss             zero     0x20000000    0x8  rit128x96x4.o [1]
  .bss             zero     0x20000008    0x1  rit128x96x4.o [1]
                          - 0x20000009    0x9

"P2", part 2 of 2:                      0x800
  CSTACK                    0x20000010  0x800  <Block>
    CSTACK         uninit   0x20000010  0x800  <Block tail>
                          - 0x20000810  0x800


*******************************************************************************
*** INIT TABLE
***

          Address     Size
          -------     ----
Zero (__iar_zero_init3)
    1 destination range, total size 0x9:
          0x20000000   0x9



*******************************************************************************
*** MODULE SUMMARY
***

    Module            ro code  ro data  rw data
    ------            -------  -------  -------
C:\Users\Janar\Documents\miniprojekt\Debug\Obj: [1]
    main.o                772      112
    rit128x96x4.o         696      572        9
    -------------------------------------------
    Total:              1 468      684        9

command line: [2]
    -------------------------------------------
    Total:

dl7M_tln.a: [3]
    exit.o                  4
    low_level_init.o        4
    -------------------------------------------
    Total:                  8

driverlib.a: [4]
    gpio.o                276
    ssi.o                 134
    sysctl.o              636       76
    -------------------------------------------
    Total:              1 046       76

rt7M_tl.a: [5]
    cexit.o                10
    cmain.o                30
    cstartup_M.o           12
    data_init.o            40
    vector_table_M.o       66
    zero_init3.o           64
    -------------------------------------------
    Total:                222

shb_l.a: [6]
    exit.o                 20
    -------------------------------------------
    Total:                 20

    Linker created                  16    2 048
-----------------------------------------------
    Grand Total:        2 764      776    2 057


*******************************************************************************
*** ENTRY LIST
***

Entry                      Address   Size  Type      Object
-----                      -------   ----  ----      ------
.iar.init_table$$Base   0x00000cec          --   Gb  - Linker created -
.iar.init_table$$Limit  0x00000cfc          --   Gb  - Linker created -
?main                   0x00000cfd         Code  Gb  cmain.o [5]
CSTACK$$Base            0x20000010          --   Gb  - Linker created -
CSTACK$$Limit           0x20000810          --   Gb  - Linker created -
GPIODirModeSet          0x00000879   0x1e  Code  Gb  gpio.o [4]
GPIOPadConfigSet        0x000008ad   0x9c  Code  Gb  gpio.o [4]
GPIOPinRead             0x00000949    0x6  Code  Gb  gpio.o [4]
GPIOPinTypeGPIOInput    0x00000959    0xa  Code  Gb  gpio.o [4]
GPIOPinTypeGPIOOutput   0x00000965    0xa  Code  Gb  gpio.o [4]
GPIOPinTypeSSI          0x00000971    0x4  Code  Gb  gpio.o [4]
GPIOPinWrite            0x00000951    0x6  Code  Gb  gpio.o [4]
RIT128x96x4Clear        0x000003b7   0x46  Code  Gb  rit128x96x4.o [1]
RIT128x96x4Clear::pucCommand1
                        0x00000dcc    0x4  Data  Lc  rit128x96x4.o [1]
RIT128x96x4Clear::pucCommand2
                        0x00000dd0    0x4  Data  Lc  rit128x96x4.o [1]
RIT128x96x4Enable       0x000004fd   0x52  Code  Gb  rit128x96x4.o [1]
RIT128x96x4Init         0x0000054f   0x78  Code  Gb  rit128x96x4.o [1]
RIT128x96x4StringDraw   0x000003fd  0x100  Code  Gb  rit128x96x4.o [1]
RITWriteCommand         0x00000345   0x3c  Code  Lc  rit128x96x4.o [1]
RITWriteData            0x00000381   0x36  Code  Lc  rit128x96x4.o [1]
Region$$Table$$Base     0x00000cec          --   Gb  - Linker created -
Region$$Table$$Limit    0x00000cfc          --   Gb  - Linker created -
SSIConfigSetExpClk      0x0000098d   0x42  Code  Gb  ssi.o [4]
SSIDataGet              0x000009f5    0xc  Code  Gb  ssi.o [4]
SSIDataGetNonBlocking   0x00000a01   0x12  Code  Gb  ssi.o [4]
SSIDataPut              0x000009e9    0xa  Code  Gb  ssi.o [4]
SSIDisable              0x000009dd    0xc  Code  Gb  ssi.o [4]
SSIEnable               0x000009d1    0xc  Code  Gb  ssi.o [4]
SysCtlClockGet          0x00000745  0x134  Code  Gb  sysctl.o [4]
SysCtlClockSet          0x00000629  0x118  Code  Gb  sysctl.o [4]
SysCtlDelay             0x00000621    0x8  Code  Lc  sysctl.o [4]
SysCtlPeripheralEnable  0x000005fd   0x12  Code  Gb  sysctl.o [4]
__cmain                 0x00000cfd         Code  Gb  cmain.o [5]
__exit                  0x00000d31   0x14  Code  Gb  exit.o [6]
__iar_data_init3        0x00000cc5   0x28  Code  Gb  data_init.o [5]
__iar_program_start     0x00000da1         Code  Gb  cstartup_M.o [5]
__iar_systems$$module {Abs}
                        0x00000001         Data  Gb  command line/config [2]
__iar_zero_init3        0x00000c85   0x40  Code  Gb  zero_init3.o [5]
__low_level_init        0x00000d1b    0x4  Code  Gb  low_level_init.o [3]
__vector_table          0x00000000         Data  Gb  vector_table_M.o [5]
_call_main              0x00000d09         Code  Gb  cmain.o [5]
_exit                   0x00000d25         Code  Gb  cexit.o [5]
_main                   0x00000d17         Code  Gb  cmain.o [5]
buildUI                 0x00000141   0x26  Code  Gb  main.o [1]
changeMenu              0x00000099   0x5c  Code  Gb  main.o [1]
exit                    0x00000d1f    0x4  Code  Gb  exit.o [3]
g_bSSIEnabled           0x20000008    0x1  Data  Lc  rit128x96x4.o [1]
g_pucBuffer             0x20000000    0x8  Data  Lc  rit128x96x4.o [1]
g_pucFont               0x00000a14  0x1e0  Data  Lc  rit128x96x4.o [1]
g_pucRIT128x96x4HorizontalInc
                        0x00000d22    0x2  Data  Lc  rit128x96x4.o [1]
g_pucRIT128x96x4Init    0x00000bf4   0x50  Data  Lc  rit128x96x4.o [1]
g_pucRIT128x96x4VerticalInc
                        0x00000a12    0x2  Data  Lc  rit128x96x4.o [1]
g_pulRCGCRegs           0x00000d94    0xc  Data  Lc  sysctl.o [4]
g_pulXtals              0x00000c44   0x40  Data  Lc  sysctl.o [4]
getMenu                 0x00000041   0x32  Code  Gb  main.o [1]
main                    0x0000016d  0x1aa  Code  Gb  main.o [1]
refreshScreen           0x000000f5   0x4c  Code  Gb  main.o [1]
updateMenuPointer       0x00000073   0x26  Code  Gb  main.o [1]


[1] = C:\Users\Janar\Documents\miniprojekt\Debug\Obj
[2] = command line
[3] = dl7M_tln.a
[4] = driverlib.a
[5] = rt7M_tl.a
[6] = shb_l.a

  2 764 bytes of readonly  code memory
    776 bytes of readonly  data memory
  2 057 bytes of readwrite data memory

Errors: none
Warnings: none
