###############################################################################
#
# IAR ELF Linker V8.22.2.15995/W32 for ARM                12/Jun/2018  09:27:19
# Copyright 2007-2018 IAR Systems AB.
#
#    Output file  =  
#        C:\Users\Ramus\Documents\miniprojekt\Debug\Exe\miniprojekt.out
#    Map file     =  
#        C:\Users\Ramus\Documents\miniprojekt\Debug\List\miniprojekt.map
#    Command line =  
#        -f C:\Users\Ramus\AppData\Local\Temp\EWD936.tmp
#        (C:\Users\Ramus\Documents\miniprojekt\Debug\Obj\main.o
#        C:\Users\Ramus\Documents\miniprojekt\Debug\Obj\osram128x64x4.o
#        C:\Users\Ramus\Documents\miniprojekt\Debug\Obj\rit128x96x4.o -o
#        C:\Users\Ramus\Documents\miniprojekt\Debug\Exe\miniprojekt.out --map
#        C:\Users\Ramus\Documents\miniprojekt\Debug\List\miniprojekt.map
#        --config "C:\Program Files (x86)\IAR Systems\Embedded Workbench
#        8.0\arm\config\linker\TexasInstruments\LM3S6965.icf" --semihosting
#        "C:\Program Files (x86)\IAR Systems\Embedded Workbench
#        8.0\arm\RTOS\SEGGER\TI\LM3S6965\Start_LM3S6965\Application\Display\driverlib.a"
#        --entry __iar_program_start --vfe --text_out locale)
#
###############################################################################

*******************************************************************************
*** RUNTIME MODEL ATTRIBUTES
***

CppFlavor       = *
__Heap_Handler  = Basic
__SystemLibrary = DLib
__dlib_version  = 6


*******************************************************************************
*** HEAP SELECTION
***

The basic heap was selected because some modules are built with
size limitations (and not runtime checking), and --advanced_heap
was not specified.


*******************************************************************************
*** PLACEMENT SUMMARY
***

"A0":  place at 0x00000000 { ro section .intvec };
"P1":  place in [from 0x00000000 to 0x0003ffff] { ro };
define block CSTACK with size = 2K, alignment = 8 { };
define block HEAP with size = 16K, alignment = 8 { };
"P2":  place in [from 0x20000000 to 0x2000ffff] {
          rw, block CSTACK, block HEAP };

  Section          Kind        Address    Size  Object
  -------          ----        -------    ----  ------
"A0":                                     0x40
  .intvec          ro code  0x00000000    0x40  vector_table_M.o [5]
                          - 0x00000040    0x40

"P1":                                   0x11d8
  .text            ro code  0x00000040   0x32c  main.o [1]
  .text            ro code  0x0000036c   0x12c  heap0.o [3]
  .text            ro code  0x00000498    0x40  sprintf.o [3]
  .text            ro code  0x000004d8    0xa6  ABImemcpy.o [5]
  .text            ro code  0x0000057e     0xa  xsprout.o [3]
  .text            ro code  0x00000588   0x2b8  rit128x96x4.o [1]
  .text            ro code  0x00000840   0x27c  sysctl.o [4]
  .text            ro code  0x00000abc   0x114  gpio.o [4]
  .text            ro code  0x00000bd0     0x6  ABImemclr4.o [5]
  .rodata          const    0x00000bd6     0x2  rit128x96x4.o [1]
  .text            ro code  0x00000bd8    0x2c  xgetmemchunk.o [3]
  .text            ro code  0x00000c04   0x142  xprintftiny.o [3]
  .rodata          const    0x00000d46     0x2  rit128x96x4.o [1]
  .text            ro code  0x00000d48    0x86  ssi.o [4]
  .text            ro code  0x00000dce     0x2  vector_table_M.o [5]
  .text            ro code  0x00000dd0    0x32  ABImemset48.o [5]
  .text            ro code  0x00000e04    0x36  strlen.o [5]
  .rodata          const    0x00000e3c   0x1e0  rit128x96x4.o [1]
  .rodata          const    0x0000101c    0x50  rit128x96x4.o [1]
  .rodata          const    0x0000106c    0x40  sysctl.o [4]
  .text            ro code  0x000010ac    0x40  zero_init3.o [5]
  .text            ro code  0x000010ec    0x28  data_init.o [5]
  .rodata          const    0x00001114    0x24  main.o [1]
  .iar.init_table  const    0x00001138    0x10  - Linker created -
  .text            ro code  0x00001148    0x1e  cmain.o [5]
  .text            ro code  0x00001166     0x4  low_level_init.o [3]
  .text            ro code  0x0000116a     0x4  exit.o [3]
  .text            ro code  0x00001170     0xa  cexit.o [5]
  .text            ro code  0x0000117c    0x14  exit.o [6]
  .rodata          const    0x00001190    0x10  main.o [1]
  .rodata          const    0x000011a0    0x10  main.o [1]
  .rodata          const    0x000011b0     0xc  main.o [1]
  .rodata          const    0x000011bc     0xc  main.o [1]
  .rodata          const    0x000011c8     0xc  sysctl.o [4]
  .text            ro code  0x000011d4     0xc  cstartup_M.o [5]
  .rodata          const    0x000011e0     0x8  main.o [1]
  .rodata          const    0x000011e8     0x8  main.o [1]
  .rodata          const    0x000011f0     0x8  main.o [1]
  .rodata          const    0x000011f8     0x8  main.o [1]
  .rodata          const    0x00001200     0x8  main.o [1]
  .rodata          const    0x00001208     0x4  main.o [1]
  .rodata          const    0x0000120c     0x4  main.o [1]
  .rodata          const    0x00001210     0x4  rit128x96x4.o [1]
  .rodata          const    0x00001214     0x4  rit128x96x4.o [1]
  .rodata          const    0x00001218     0x0  zero_init3.o [5]
                          - 0x00001218  0x11d8

"P2", part 1 of 2:                        0x18
  .bss             zero     0x20000000     0x8  rit128x96x4.o [1]
  .bss             zero     0x20000008     0x8  heap0.o [3]
  .bss             zero     0x20000010     0x4  xgetmemchunk.o [3]
  .bss             zero     0x20000014     0x1  rit128x96x4.o [1]
                          - 0x20000015    0x15

"P2", part 2 of 2:                      0x4800
  CSTACK                    0x20000018   0x800  <Block>
    CSTACK         uninit   0x20000018   0x800  <Block tail>
  HEAP                      0x20000818  0x4000  <Block>
    HEAP           uninit   0x20000818  0x4000  <Block tail>
                          - 0x20004818  0x4800


*******************************************************************************
*** INIT TABLE
***

          Address     Size
          -------     ----
Zero (__iar_zero_init3)
    1 destination range, total size 0x15:
          0x20000000  0x15



*******************************************************************************
*** MODULE SUMMARY
***

    Module            ro code  ro data  rw data
    ------            -------  -------  -------
C:\Users\Ramus\Documents\miniprojekt\Debug\Obj: [1]
    main.o                812      140
    rit128x96x4.o         696      572        9
    -------------------------------------------
    Total:              1 508      712        9

command line: [2]
    -------------------------------------------
    Total:

dl7M_tln.a: [3]
    exit.o                  4
    heap0.o               300                 8
    low_level_init.o        4
    sprintf.o              64
    xgetmemchunk.o         44                 4
    xprintftiny.o         322
    xsprout.o              10
    -------------------------------------------
    Total:                748                12

driverlib.a: [4]
    gpio.o                276
    ssi.o                 134
    sysctl.o              636       76
    -------------------------------------------
    Total:              1 046       76

rt7M_tl.a: [5]
    ABImemclr4.o            6
    ABImemcpy.o           166
    ABImemset48.o          50
    cexit.o                10
    cmain.o                30
    cstartup_M.o           12
    data_init.o            40
    strlen.o               54
    vector_table_M.o       66
    zero_init3.o           64
    -------------------------------------------
    Total:                498

shb_l.a: [6]
    exit.o                 20
    -------------------------------------------
    Total:                 20

    Gaps                    6        2
    Linker created                  16   18 432
-----------------------------------------------
    Grand Total:        3 826      806   18 453


*******************************************************************************
*** ENTRY LIST
***

Entry                      Address   Size  Type      Object
-----                      -------   ----  ----      ------
.iar.init_table$$Base   0x00001138          --   Gb  - Linker created -
.iar.init_table$$Limit  0x00001148          --   Gb  - Linker created -
?main                   0x00001149         Code  Gb  cmain.o [5]
Aldata                  0x20000008    0x8  Data  Lc  heap0.o [3]
CSTACK$$Base            0x20000018          --   Gb  - Linker created -
CSTACK$$Limit           0x20000818          --   Gb  - Linker created -
GPIODirModeSet          0x00000abd   0x1e  Code  Gb  gpio.o [4]
GPIOPadConfigSet        0x00000af1   0x9c  Code  Gb  gpio.o [4]
GPIOPinRead             0x00000b8d    0x6  Code  Gb  gpio.o [4]
GPIOPinTypeGPIOInput    0x00000b9d    0xa  Code  Gb  gpio.o [4]
GPIOPinTypeGPIOOutput   0x00000ba9    0xa  Code  Gb  gpio.o [4]
GPIOPinTypeSSI          0x00000bb5    0x4  Code  Gb  gpio.o [4]
GPIOPinWrite            0x00000b95    0x6  Code  Gb  gpio.o [4]
HEAP$$Base              0x20000818          --   Gb  - Linker created -
HEAP$$Limit             0x20004818          --   Gb  - Linker created -
RIT128x96x4Clear        0x000005fb   0x46  Code  Gb  rit128x96x4.o [1]
RIT128x96x4Clear::pucCommand1
                        0x00001210    0x4  Data  Lc  rit128x96x4.o [1]
RIT128x96x4Clear::pucCommand2
                        0x00001214    0x4  Data  Lc  rit128x96x4.o [1]
RIT128x96x4Enable       0x00000741   0x52  Code  Gb  rit128x96x4.o [1]
RIT128x96x4Init         0x00000793   0x78  Code  Gb  rit128x96x4.o [1]
RIT128x96x4StringDraw   0x00000641  0x100  Code  Gb  rit128x96x4.o [1]
RITWriteCommand         0x00000589   0x3c  Code  Lc  rit128x96x4.o [1]
RITWriteData            0x000005c5   0x36  Code  Lc  rit128x96x4.o [1]
Region$$Table$$Base     0x00001138          --   Gb  - Linker created -
Region$$Table$$Limit    0x00001148          --   Gb  - Linker created -
SSIConfigSetExpClk      0x00000d49   0x42  Code  Gb  ssi.o [4]
SSIDataGet              0x00000db1    0xc  Code  Gb  ssi.o [4]
SSIDataGetNonBlocking   0x00000dbd   0x12  Code  Gb  ssi.o [4]
SSIDataPut              0x00000da5    0xa  Code  Gb  ssi.o [4]
SSIDisable              0x00000d99    0xc  Code  Gb  ssi.o [4]
SSIEnable               0x00000d8d    0xc  Code  Gb  ssi.o [4]
SysCtlClockGet          0x00000989  0x134  Code  Gb  sysctl.o [4]
SysCtlClockSet          0x0000086d  0x118  Code  Gb  sysctl.o [4]
SysCtlDelay             0x00000865    0x8  Code  Lc  sysctl.o [4]
SysCtlPeripheralEnable  0x00000841   0x12  Code  Gb  sysctl.o [4]
_PrintfTiny             0x00000c21  0x126  Code  Gb  xprintftiny.o [3]
_SProut                 0x0000057f    0xa  Code  Gb  xsprout.o [3]
__aeabi_memclr4         0x00000bd1         Code  Gb  ABImemclr4.o [5]
__aeabi_memcpy          0x000004d9         Code  Gb  ABImemcpy.o [5]
__aeabi_memcpy4         0x000004f9         Code  Gb  ABImemcpy.o [5]
__aeabi_memcpy8         0x000004f9         Code  Gb  ABImemcpy.o [5]
__basic_free_intern     0x00000419   0x7a  Code  Lc  heap0.o [3]
__basic_malloc          0x0000036d   0x18  Code  Gb  heap0.o [3]
__basic_malloc_intern   0x00000385   0x94  Code  Lc  heap0.o [3]
__cmain                 0x00001149         Code  Gb  cmain.o [5]
__data_GetMemChunk      0x00000bd9   0x2c  Code  Gb  xgetmemchunk.o [3]
__data_GetMemChunk::start
                        0x20000010    0x4  Data  Lc  xgetmemchunk.o [3]
__exit                  0x0000117d   0x14  Code  Gb  exit.o [6]
__iar_Memset4_word      0x00000dd1         Code  Gb  ABImemset48.o [5]
__iar_Memset8_word      0x00000dd1         Code  Gb  ABImemset48.o [5]
__iar_data_init3        0x000010ed   0x28  Code  Gb  data_init.o [5]
__iar_program_start     0x000011d5         Code  Gb  cstartup_M.o [5]
__iar_systems$$module {Abs}
                        0x00000001         Data  Gb  command line/config [2]
__iar_zero_init3        0x000010ad   0x40  Code  Gb  zero_init3.o [5]
__low_level_init        0x00001167    0x4  Code  Gb  low_level_init.o [3]
__vector_table          0x00000000         Data  Gb  vector_table_M.o [5]
_call_main              0x00001155         Code  Gb  cmain.o [5]
_exit                   0x00001171         Code  Gb  cexit.o [5]
_main                   0x00001163         Code  Gb  cmain.o [5]
appendTolls             0x000000b1   0x78  Code  Gb  main.o [1]
arrTolls                0x00000129   0x80  Code  Gb  main.o [1]
buildUI                 0x000001dd   0x26  Code  Gb  main.o [1]
exit                    0x0000116b    0x4  Code  Gb  exit.o [3]
g_bSSIEnabled           0x20000014    0x1  Data  Lc  rit128x96x4.o [1]
g_pucBuffer             0x20000000    0x8  Data  Lc  rit128x96x4.o [1]
g_pucFont               0x00000e3c  0x1e0  Data  Lc  rit128x96x4.o [1]
g_pucRIT128x96x4HorizontalInc
                        0x00000d46    0x2  Data  Lc  rit128x96x4.o [1]
g_pucRIT128x96x4Init    0x0000101c   0x50  Data  Lc  rit128x96x4.o [1]
g_pucRIT128x96x4VerticalInc
                        0x00000bd6    0x2  Data  Lc  rit128x96x4.o [1]
g_pulRCGCRegs           0x000011c8    0xc  Data  Lc  sysctl.o [4]
g_pulXtals              0x0000106c   0x40  Data  Lc  sysctl.o [4]
llsToLiteralArr         0x00000041   0x70  Code  Gb  main.o [1]
main                    0x00000203  0x134  Code  Gb  main.o [1]
out                     0x00000c05   0x1c  Code  Lc  xprintftiny.o [3]
refreshScreen           0x000001b1   0x2c  Code  Gb  main.o [1]
sprintf                 0x00000499   0x40  Code  Gb  sprintf.o [3]
strlen                  0x00000e05         Code  Gb  strlen.o [5]


[1] = C:\Users\Ramus\Documents\miniprojekt\Debug\Obj
[2] = command line
[3] = dl7M_tln.a
[4] = driverlib.a
[5] = rt7M_tl.a
[6] = shb_l.a

   3 826 bytes of readonly  code memory
     806 bytes of readonly  data memory
  18 453 bytes of readwrite data memory

Errors: none
Warnings: none
